<!-- Created with Inkscape (http://www.inkscape.org/) --><svg xmlns="http://www.w3.org/2000/svg" xmlns:sodipodi="http://sodipodi.sourceforge.net/DTD/sodipodi-0.dtd" xmlns:inkscape="http://www.inkscape.org/namespaces/inkscape" xmlns:xlink="http://www.w3.org/1999/xlink" xmlns:rdf="http://www.w3.org/1999/02/22-rdf-syntax-ns#" xmlns:cc="http://web.resource.org/cc/" xmlns:dc="http://purl.org/dc/elements/1.1/" width="793.7007874" height="1122.519685">
  <title>This, Too, is Not a Pipe</title><defs/>
  <sodipodi:namedview id="base" pagecolor="#ffffff" bordercolor="#666666" borderopacity="1.0" inkscape:pageopacity="0.0" inkscape:pageshadow="2" inkscape:zoom="0.35" inkscape:cx="375" inkscape:cy="520" inkscape:document-units="px" inkscape:current-layer="layer1"/>
  <metadata>
    <rdf:RDF>
      <cc:Work rdf:about="">
        <dc:format>image/svg+xml</dc:format>
        <dc:type rdf:resource="http://purl.org/dc/dcmitype/StillImage"/>
      <dc:title>This, Too, is Not a Pipe</dc:title><dc:date>2024-01-09T22:02:00</dc:date><dc:creator><cc:Agent><dc:title>John Doe</dc:title></cc:Agent></dc:creator><dc:rights><cc:Agent><dc:title>Copyright (C) 2024 John Doe</dc:title></cc:Agent></dc:rights><dc:publisher><cc:Agent><dc:title>Awesome Artwork, Inc.</dc:title></cc:Agent></dc:publisher><dc:identifier>10.5555/12345678</dc:identifier><dc:source>https://collections.lacma.org/node/239578</dc:source><dc:relation>isVersionOf "La Trahison des Images"</dc:relation><dc:language>fr.BE</dc:language><dc:subject><rdf:Bag><rdf:li>tobacco pipe</rdf:li><rdf:li>painting</rdf:li><rdf:li>cursive writing</rdf:li></rdf:Bag></dc:subject><dc:coverage>Lessines, Belgium</dc:coverage><dc:description>Painting of a tobacco pipe on a solid background with the French phrase, "Ce n'est pas non plus un tuyau" handwritten beneath it</dc:description><dc:contributor><cc:Agent><dc:title>Fred Nerk</dc:title></cc:Agent></dc:contributor><cc:license rdf:resource="http://creativecommons.org/licenses/by-sa/4.0/"/></cc:Work>
    <cc:License rdf:about="http://creativecommons.org/licenses/by-sa/4.0/"><cc:permits rdf:resource="http://creativecommons.org/ns#Reproduction"/><cc:permits rdf:resource="http://creativecommons.org/ns#Distribution"/><cc:permits rdf:resource="http://creativecommons.org/ns#DerivativeWorks"/><cc:requires rdf:resource="http://creativecommons.org/ns#Notice"/><cc:requires rdf:resource="http://creativecommons.org/ns#Attribution"/><cc:requires rdf:resource="http://creativecommons.org/ns#ShareAlike"/></cc:License></rdf:RDF>
  </metadata>
  <g inkscape:label="Layer 1" inkscape:groupmode="layer" id="layer1"/>
</svg>